[INFO] Scanning for projects...
[INFO] 
[INFO] -----------------------< com.realestate:backend >-----------------------
[INFO] Building backend 0.0.1-SNAPSHOT
[INFO]   from pom.xml
[INFO] --------------------------------[ jar ]---------------------------------
[INFO] 
[INFO] --- clean:3.3.2:clean (default-clean) @ backend ---
[INFO] Deleting G:\Users\HP\Downloads\urban-nest-main (2)\urban-nest-main\backend\target
[INFO] 
[INFO] --- resources:3.3.1:resources (default-resources) @ backend ---
[INFO] Copying 1 resource from src\main\resources to target\classes
[INFO] Copying 0 resource from src\main\resources to target\classes
[INFO] 
[INFO] --- compiler:3.11.0:compile (default-compile) @ backend ---
[INFO] Changes detected - recompiling the module! :source
[INFO] Compiling 24 source files with javac [debug release 21] to target\classes
[INFO] -------------------------------------------------------------
[ERROR] COMPILATION ERROR : 
[INFO] -------------------------------------------------------------
[ERROR] /G:/Users/HP/Downloads/urban-nest-main (2)/urban-nest-main/backend/src/main/java/com/realestate/backend/entity/Fav.java:[4,37] cannot find symbol
  symbol:   class User
  location: package com.realestate.backend.entity
[ERROR] /G:/Users/HP/Downloads/urban-nest-main (2)/urban-nest-main/backend/src/main/java/com/realestate/backend/entity/Fav.java:[7,37] cannot find symbol
  symbol:   class User
  location: package com.realestate.backend.entity
[ERROR] /G:/Users/HP/Downloads/urban-nest-main (2)/urban-nest-main/backend/src/main/java/com/realestate/backend/entity/Fav.java:[47,12] cannot find symbol
  symbol:   class User
  location: class com.realestate.backend.entity.Favorite
[ERROR] /G:/Users/HP/Downloads/urban-nest-main (2)/urban-nest-main/backend/src/main/java/com/realestate/backend/entity/Fav.java:[51,25] cannot find symbol
  symbol:   class User
  location: class com.realestate.backend.entity.Favorite
[ERROR] /G:/Users/HP/Downloads/urban-nest-main (2)/urban-nest-main/backend/src/main/java/com/realestate/backend/service/AnalyticsService.java:[160,70] cannot find symbol
  symbol:   variable propertiesByPincode
  location: class com.realestate.backend.service.AnalyticsService
[INFO] 5 errors 
[INFO] -------------------------------------------------------------
[INFO] ------------------------------------------------------------------------
[INFO] BUILD FAILURE
[INFO] ------------------------------------------------------------------------
[INFO] Total time:  7.957 s
[INFO] Finished at: 2026-02-15T11:45:23+05:30
[INFO] ------------------------------------------------------------------------
[ERROR] Failed to execute goal org.apache.maven.plugins:maven-compiler-plugin:3.11.0:compile (default-compile) on project backend: Compilation failure: Compilation failure: 
[ERROR] /G:/Users/HP/Downloads/urban-nest-main (2)/urban-nest-main/backend/src/main/java/com/realestate/backend/entity/Fav.java:[4,37] cannot find symbol
[ERROR]   symbol:   class User
[ERROR]   location: package com.realestate.backend.entity
[ERROR] /G:/Users/HP/Downloads/urban-nest-main (2)/urban-nest-main/backend/src/main/java/com/realestate/backend/entity/Fav.java:[7,37] cannot find symbol
[ERROR]   symbol:   class User
[ERROR]   location: package com.realestate.backend.entity
[ERROR] /G:/Users/HP/Downloads/urban-nest-main (2)/urban-nest-main/backend/src/main/java/com/realestate/backend/entity/Fav.java:[47,12] cannot find symbol
[ERROR]   symbol:   class User
[ERROR]   location: class com.realestate.backend.entity.Favorite
[ERROR] /G:/Users/HP/Downloads/urban-nest-main (2)/urban-nest-main/backend/src/main/java/com/realestate/backend/entity/Fav.java:[51,25] cannot find symbol
[ERROR]   symbol:   class User
[ERROR]   location: class com.realestate.backend.entity.Favorite
[ERROR] /G:/Users/HP/Downloads/urban-nest-main (2)/urban-nest-main/backend/src/main/java/com/realestate/backend/service/AnalyticsService.java:[160,70] cannot find symbol
[ERROR]   symbol:   variable propertiesByPincode
[ERROR]   location: class com.realestate.backend.service.AnalyticsService
[ERROR] -> [Help 1]
[ERROR] 
[ERROR] To see the full stack trace of the errors, re-run Maven with the -e switch.
[ERROR] Re-run Maven using the -X switch to enable full debug logging.
[ERROR] 
[ERROR] For more information about the errors and possible solutions, please read the following articles:
[ERROR] [Help 1] http://cwiki.apache.org/confluence/display/MAVEN/MojoFailureException
