
[ERROR] COMPILATION 
ERROR : 
[ERROR] /G:/Users/HP/
Downloads/urban-nest-
main (2)/urban-nest-m
ain/backend/src/main/
java/com/realestate/b
ackend/service/Analyt
icsService.java:[160,
70] cannot find 
symbol
[ERROR] Failed to 
execute goal org.apac
he.maven.plugins:mave
n-compiler-plugin:3.1
1.0:compile 
(default-compile) on 
project backend: 
Compilation failure
[ERROR] /G:/Users/HP/
Downloads/urban-nest-
main (2)/urban-nest-m
ain/backend/src/main/
java/com/realestate/b
ackend/service/Analyt
icsService.java:[160,
70] cannot find 
symbol
[ERROR]   symbol:   
variable 
propertiesByPincode
[ERROR]   location: 
class com.realestate.
backend.service.Analy
ticsService
[ERROR] 
[ERROR] -> [Help 1]
[ERROR] 
[ERROR] To see the 
full stack trace of 
the errors, re-run 
Maven with the -e 
switch.
[ERROR] Re-run Maven 
using the -X switch 
to enable full debug 
logging.
[ERROR] 
[ERROR] For more 
information about 
the errors and 
possible solutions, 
please read the 
following articles:
[ERROR] [Help 1] http
://cwiki.apache.org/c
onfluence/display/MAV
EN/MojoFailureExcepti
on


